
                                               Ubuntu Terminal shell scripting program results



suraj@suraj04:~$ cd Desktop/
suraj@suraj04:~/Desktop$ ./hello.sh
Hello World
/bin/bash
4.4.20(1)-release
/home/suraj
/home/suraj/Desktop
suraj@suraj04:~/Desktop$ ./hello.sh
Hello World
/bin/bash
4.4.20(1)-release
/home/suraj
/home/suraj/Desktop
The name is Suraj
suraj@suraj04:~/Desktop$ ./hello.sh
Hello World
/bin/bash
4.4.20(1)-release
/home/suraj
/home/suraj/Desktop
The name is Suraj
enter name:
max
entered name: max
suraj@suraj04:~/Desktop$ ./hello.sh
Hello World
/bin/bash
4.4.20(1)-release
/home/suraj
/home/suraj/Desktop
The name is Suraj
enter name:
xanax shane    
entered name: xanax shane
enter 2 names:
xanax shane
entered names: xanax , shane
suraj@suraj04:~/Desktop$ ./hello.sh
Hello World
/bin/bash
4.4.20(1)-release
/home/suraj
/home/suraj/Desktop
The name is Suraj
enter name:
a
entered name: a
enter 2 names:
a b
entered names: a , b
username: suraj
username: suraj
suraj@suraj04:~/Desktop$ ./hello.sh
Hello World
/bin/bash
4.4.20(1)-release
/home/suraj
/home/suraj/Desktop
The name is Suraj
enter name:
a
entered name: a
enter 2 names:
b c
entered names: b , c
username: shane
username: shane
password: password: xanax
suraj@suraj04:~/Desktop$ ./hello.sh
Hello World
/bin/bash
4.4.20(1)-release
/home/suraj
/home/suraj/Desktop
The name is Suraj
enter name:
a
entered name: a
enter 2 names:
b c
entered names: b , c
username: shane
username: shane
password: 
password: xanax
suraj@suraj04:~/Desktop$ ./hello.sh
Hello World
/bin/bash
4.4.20(1)-release
/home/suraj
/home/suraj/Desktop
The name is Suraj
enter name:
q
entered name: q
enter 2 names:
w
entered names: w , 
username: e
username: e
password: 
password: rt
enter names: 
rd gh tu
names are rd , gh
suraj@suraj04:~/Desktop$ ./hello.sh
Hello World
/bin/bash
4.4.20(1)-release
/home/suraj
/home/suraj/Desktop
The name is Suraj
enter name:
d
entered name: d
enter 2 names:
j k
entered names: j , k
username: yu
username: yu
password: 
password: jki
enter names: 
gh jk uj
names are gh , jk
lenter: first
lenter: first
suraj@suraj04:~/Desktop$ touch nhello.sh
suraj@suraj04:~/Desktop$ ./hello.sh
Hello World
/bin/bash
4.4.20(1)-release
/home/suraj
/home/suraj/Desktop
The name is Suraj
enter name:
d
entered name: d
enter 2 names:
g
entered names: g , 
username: 
username: 
password: 
password: r
enter names: 
t
names are t , 
lenter: gg
lenter: gg
suraj@suraj04:~/Desktop$ ./nhello.sh
bash: ./nhello.sh: Permission denied
suraj@suraj04:~/Desktop$ ls -al
total 16
drwxr-xr-x  2 suraj suraj 4096 Dec 12 15:45 .
drwxr-xr-x 17 suraj suraj 4096 Dec 12 14:41 ..
-rwxr-xr-x  1 suraj suraj  818 Dec 12 15:41 hello.sh
-rw-r--r--  1 suraj suraj   68 Dec 12 15:45 nhello.sh
suraj@suraj04:~/Desktop$ chmod +x nhello.sh
suraj@suraj04:~/Desktop$ ./nhello.sh
> echo $1 $2 $3
suraj@suraj04:~/Desktop$ ./nhello.sh g h f
g h f > echo $1 $2 $3
suraj@suraj04:~/Desktop$ ./nhello.sh gh ju lo
gh ju lo > echo $1 $2 $3
gh ju lo
gh ju lo
3
suraj@suraj04:~/Desktop$ ./nhello.sh
enter word as a or b: a
condition b is true
suraj@suraj04:~/Desktop$ ./nhello.sh
enter word as a or b: a
condition b is true
suraj@suraj04:~/Desktop$ ./nhello.sh
enter word as a or b: t
condition b is true
suraj@suraj04:~/Desktop$ ./nhello.sh
condition b is true
suraj@suraj04:~/Desktop$ ./nhello.sh
./nhello.sh: line 34: syntax error: unexpected end of file
suraj@suraj04:~/Desktop$ ./nhello.sh
condition true
suraj@suraj04:~/Desktop$ ./nhello.sh
condition true
suraj@suraj04:~/Desktop$ ./nhello.sh
condition true
suraj@suraj04:~/Desktop$ ./nhello.sh
condition false
suraj@suraj04:~/Desktop$ ./nhello.sh
enter filename: test
file doesn't exist
suraj@suraj04:~/Desktop$ touch test
suraj@suraj04:~/Desktop$ ./nhello.sh
enter filename: test
file exists
suraj@suraj04:~/Desktop$ ./nhello.sh
enter filename: dir
file doesn't exist
suraj@suraj04:~/Desktop$ mkdir dir
suraj@suraj04:~/Desktop$ ls -al
total 20
drwxr-xr-x  3 suraj suraj 4096 Dec 12 16:49 .
drwxr-xr-x 17 suraj suraj 4096 Dec 12 14:41 ..
drwxr-xr-x  2 suraj suraj 4096 Dec 12 16:49 dir
-rwxr-xr-x  1 suraj suraj 1940 Dec 12 16:48 hello.sh
-rwxr-xr-x  1 suraj suraj  293 Dec 12 16:49 nhello.sh
suraj@suraj04:~/Desktop$ ls
dir  hello.sh  nhello.sh
suraj@suraj04:~/Desktop$ ./nhello.sh
enter filename: dir
file exists
suraj@suraj04:~/Desktop$ ./nhello.sh
enter filename: dir
file doesn't exist
suraj@suraj04:~/Desktop$ ./nhello.sh
enter filename: test
./nhello.sh: line 15: syntax error near unexpected token `fi'
./nhello.sh: line 15: `fi'
suraj@suraj04:~/Desktop$ ./nhello.sh
enter filename: test
./nhello.sh: line 15: syntax error near unexpected token `fi'
./nhello.sh: line 15: `fi'
suraj@suraj04:~/Desktop$ ./nhello.sh
enter filename: test
./nhello.sh: line 16: syntax error near unexpected token `else'
./nhello.sh: line 16: `else'
suraj@suraj04:~/Desktop$ ./nhello.sh
enter filename: test
file doesn't exist
suraj@suraj04:~/Desktop$ touch test
suraj@suraj04:~/Desktop$ cat > test
ghtyu hhufyfj ngyfyh

suraj@suraj04:~/Desktop$ ./nhello.sh
enter filename: test
write contents to append and ctrl+d to quit
ghhslhgeirh ghwhgwrghh ngkhrwihhgjwrhgwehegwrh 
rwjghrgbjw
suraj@suraj04:~/Desktop$ ./nhello.sh
25
25
suraj@suraj04:~/Desktop$ touch terminal_results
suraj@suraj04:~/Desktop$ ^C
suraj@suraj04:~/Desktop$
suraj@suraj04:~/Desktop$ ./nhello.sh
25.5
15.5
102.5
4
.5
suraj@suraj04:~/Desktop$ ./nhello.sh
25.5
15.5
102.5
4.10
.5
suraj@suraj04:~/Desktop$







suraj@suraj04:~/Desktop$ ./nhello.sh
2.00
27
suraj@suraj04:~/Desktop$

suraj@suraj04:~$ cd Desktop/
suraj@suraj04:~/Desktop$ ./nhello.sh
enter a character: a
small case alphabet
suraj@suraj04:~/Desktop$ ./nhello.sh
enter a character: A
upper case alphabet
suraj@suraj04:~/Desktop$ ./nhello.sh
enter a character: ||
unknown input
suraj@suraj04:~/Desktop$ ./nhello.sh
enter a character: |
special character
suraj@suraj04:~/Desktop$ ./nhello.sh
enter a character: efghijk
unknown input
suraj@suraj04:~/Desktop$ ./nhello.sh
enter a character: 6
number
suraj@suraj04:~/Desktop$


suraj@suraj04:~/Desktop$ ./nhello.sh
qwertyuiop
qwertyuiop

1
suraj@suraj04:~/Desktop$ 


suraj@suraj04:~$ cd Desktop/
suraj@suraj04:~/Desktop$ ./nhello.sh
1
2
3
4
5
6
7
8
9
10
suraj@suraj04:~/Desktop$ ./nhello.sh
1
2
3
4
5
6
7
8
9
10
suraj@suraj04:~/Desktop$ gnome-terminal &
[1] 3362
suraj@suraj04:~/Desktop$ xterm &
[2] 3381
[1]   Done                    gnome-terminal
suraj@suraj04:~/Desktop$ 
Command 'xterm' not found, but can be installed with:

sudo apt install xterm

[1]+  Done                    gnome-terminal

[2]+  Exit 127                xterm
suraj@suraj04:~/Desktop$ xterm &
[1] 3398
suraj@suraj04:~/Desktop$ 
Command 'xterm' not found, but can be installed with:

sudo apt install xterm


[1]+  Exit 127                xterm
suraj@suraj04:~/Desktop$ sudo apt install xterm
[sudo] password for suraj: 
Reading package lists... Done
Building dependency tree       
Reading state information... Done
The following additional packages will be installed:
  libutempter0
Suggested packages:
  xfonts-cyrillic
The following NEW packages will be installed:
  libutempter0 xterm
0 upgraded, 2 newly installed, 0 to remove and 6 not upgraded.
Need to get 669 kB of archives.
After this operation, 2,023 kB of additional disk space will be used.
Do you want to continue? [Y/n] Y
Get:1 http://in.archive.ubuntu.com/ubuntu bionic/main amd64 libutempter0 amd64 1.1.6-3 [7,898 B]
Get:2 http://in.archive.ubuntu.com/ubuntu bionic/universe amd64 xterm amd64 330-1ubuntu2 [661 kB]
Fetched 669 kB in 3s (246 kB/s)
Selecting previously unselected package libutempter0:amd64.
(Reading database ... 161886 files and directories currently installed.)
Preparing to unpack .../libutempter0_1.1.6-3_amd64.deb ...
Unpacking libutempter0:amd64 (1.1.6-3) ...
Selecting previously unselected package xterm.
Preparing to unpack .../xterm_330-1ubuntu2_amd64.deb ...
Unpacking xterm (330-1ubuntu2) ...
Setting up libutempter0:amd64 (1.1.6-3) ...
Setting up xterm (330-1ubuntu2) ...
Processing triggers for man-db (2.8.3-2ubuntu0.1) ...
Processing triggers for gnome-menus (3.13.3-11ubuntu1.1) ...
Processing triggers for hicolor-icon-theme (0.17-2) ...
Processing triggers for mime-support (3.60ubuntu1) ...
Processing triggers for desktop-file-utils (0.23-1ubuntu3.18.04.2) ...
Processing triggers for libc-bin (2.27-3ubuntu1) ...
suraj@suraj04:~/Desktop$ xterm &
[1] 4140
suraj@suraj04:~/Desktop$ ./nhello.sh
1
2
3
[1]+  Done                    xterm
suraj@suraj04:~/Desktop$ 

suraj@suraj04:~$ cd Desktop/
suraj@suraj04:~/Desktop$ ./nhello.sh
#! /bin/bash



# read contents of the file

while IFS=' ' read -r line # IFS captures indentations and -r flag excludes escape sequences and backslashes
do
echo $line
done < nhello.sh


suraj@suraj04:~/Desktop$ ./nhello.sh
#! /bin/bash



# read contents of a file

while read line
do
echo $line
done < nhello.sh # path or name of file

suraj@suraj04:~/Desktop$ ./nhello.sh
#! /bin/bash



# read contents of a file word by word

cat nhello.sh | while read line
do
echo $line
done
suraj@suraj04:~/Desktop$


suraj@suraj04:~/Desktop$ ./nhello.sh
1
2
3
4
5
6
7
8
9
10
suraj@suraj04:~/Desktop$ 


suraj@suraj04:~/Desktop$ ./nhello.sh
1
2
3
4
5
6
7
8
9
10
suraj@suraj04:~/Desktop$ ./nhello.sh
1
2
3
4
5
6
7
8
9
10
suraj@suraj04:~/Desktop$ clear

suraj@suraj04:~/Desktop$ ./nhello.sh
1
2
3
4
5
6
7
8
9
10
suraj@suraj04:~/Desktop$ ./nhello.sh
1
2
3
4
5
suraj@suraj04:~/Desktop$ ./nhello.sh
1
2
3
4
5
[1-10]
suraj@suraj04:~/Desktop$ ./nhello.sh
1
2
3
4
5
1
2
3
4
5
6
7
8
9
10
suraj@suraj04:~/Desktop$ ./nhello.sh
1
2
3
4
5
1
2
3
4
5
6
7
8
9
10
0
2
4
6
8
10
suraj@suraj04:~/Desktop$




suraj@suraj04:~/Desktop$ ./nhello.sh
0
1
2
3
4
suraj@suraj04:~/Desktop$



suraj@suraj04:~$ ./nhello.sh
bash: ./nhello.sh: No such file or directory
suraj@suraj04:~$ cd Desktop/
suraj@suraj04:~/Desktop$ ./nhello.sh
........................ls..........................
hello.sh  nhello.sh  terminal_res
........................pwd..........................
/home/suraj/Desktop
........................date..........................
Thu Dec 12 22:19:45 IST 2019
suraj@suraj04:~/Desktop$ 


suraj@suraj04:~/Desktop$ ./nhello.sh
suraj@suraj04:~/Desktop$ mkdir dir
suraj@suraj04:~/Desktop$ ./nhello.sh
dir
suraj@suraj04:~/Desktop$ ^C
suraj@suraj04:~/Desktop$ 

